// Jest Snapshot v1, https://goo.gl/fbAQLP

exports[`Root when loading the page should render the loading text 1`] = `
<div
  class="Root-loader"
>
  Loading...
</div>
`;
